http://web.archive.org/web/20150422065829id_/http://edition.cnn.com/2015/04/09/americas/haiti-shipwreck/index.html

( @entity3 ) at least 21 people were killed during a shipwreck off the northern coast of @entity6 , the country 's civil protection directorate told @entity3 on thursday . a small boat carrying about 50 migrants left from the area of @entity10 , west of @entity11 , on wednesday night . it began to sail toward the island of @entity15 in the @entity16 and @entity17 when it was caught in bad weather , civil protection spokesman @entity12 said . the vessel hit a reef and sank as it tried to return to shore near @entity10 . rescuers , most of them volunteers from the town of @entity10 and surrounding communities , were dispatched to the scene and rescued at least 12 people , @entity12 said . the search for survivors is ongoing , @entity12 added . so far , 11 victims -- eight men and three women -- have been identified , @entity12 said . @entity6 's government urged migrants not to board clandestine ships and condemned those organizing these illegal journeys .

( @entity3 ) at least 21 people were killed during a shipwreck off the northern coast of @entity6 , the country 's civil protection directorate told @entity3 on thursday*****0
a small boat carrying about 50 migrants left from the area of @entity10 , west of @entity11 , on wednesday night*****1
it began to sail toward the island of @entity15 in the @entity16 and @entity17 when it was caught in bad weather , civil protection spokesman @entity12 said*****1
the vessel hit a reef and sank as it tried to return to shore near @entity10*****0
rescuers , most of them volunteers from the town of @entity10 and surrounding communities , were dispatched to the scene and rescued at least 12 people , @entity12 said*****0
the search for survivors is ongoing , @entity12 added*****0
so far , 11 victims -- eight men and three women -- have been identified , @entity12 said*****0
@entity6 's government urged migrants not to board clandestine ships and condemned those organizing these illegal journeys .*****0

@entity3:CNN
@entity16:Turks
@entity15:Providenciales
@entity6:Haiti
@entity11:Cap-Haitien
@entity10:Le Borgne
@entity17:Caicos
@entity12:Celestin